Circuit: * SerialTap - buck-load-step

WARNING: Less than two connections to node FB.  This node is used by R:1:TEST1.
Direct Newton iteration for .op point succeeded.
.step cout=4.7e-06
.step cout=1e-05
.step cout=2.2e-05


Measurement: vo_ss
  step	AVG(v(vout))	FROM	TO
     1	3.29945	0.0004	0.00059
     2	3.29945	0.0004	0.00059
     3	3.29944	0.0004	0.00059

Measurement: vo_und
  step	MIN(v(vout))	FROM	TO
     1	3.28631	0.0006	0.0007
     2	3.29034	0.0006	0.0007
     3	3.29244	0.0006	0.0007

Measurement: vo_ovr
  step	MAX(v(vout))	FROM	TO
     1	3.31074	0.0008	0.0009
     2	3.30875	0.0008	0.0009
     3	3.30792	0.0008	0.0009

Measurement: margin
  step	vo_und- 3
     1	0.286308
     2	0.290335
     3	0.292444


Date: Sun Sep 13 15:20:13 2026
Total elapsed time: 830.422 seconds.

tnom = 27
temp = 27
method = modified trap
totiter = 4285377
traniter = 4285361
tranpoints = 1158880
accept = 851466
rejected = 307414
matrix size = 487
fillins = 306
solver = Normal
Matrix Compiler1:    1603 opcodes  7.7/[3.3]/3.7
Matrix Compiler2: off
