Circuit: * SerialTap - inrush

Direct Newton iteration for .op point succeeded.
.step ief=0.15 iapp=0.25
.step ief=0.2 iapp=0.25
.step ief=0.25 iapp=0.25
.step ief=0.3 iapp=0.25
.step ief=0.351 iapp=0.25
.step ief=0.4 iapp=0.25
.step ief=0.449 iapp=0.25
.step ief=0.5 iapp=0.25
.step ief=0.75 iapp=0.25
.step ief=0.15 iapp=0.3
.step ief=0.2 iapp=0.3
.step ief=0.25 iapp=0.3
.step ief=0.3 iapp=0.3
.step ief=0.351 iapp=0.3
.step ief=0.4 iapp=0.3
.step ief=0.449 iapp=0.3
.step ief=0.5 iapp=0.3
.step ief=0.75 iapp=0.3
.step ief=0.15 iapp=0.5
.step ief=0.2 iapp=0.5
.step ief=0.25 iapp=0.5
.step ief=0.3 iapp=0.5
.step ief=0.351 iapp=0.5
.step ief=0.4 iapp=0.5
.step ief=0.449 iapp=0.5
.step ief=0.5 iapp=0.5
.step ief=0.75 iapp=0.5


Measurement: ispike
  step	MAX(i(vsense))	FROM	TO
     1	0.25	0	1e-05
     2	0.25	0	1e-05
     3	0.25	0	1e-05
     4	0.25	0	1e-05
     5	0.25	0	1e-05
     6	0.25	0	1e-05
     7	0.25	0	1e-05
     8	0.25	0	1e-05
     9	0.25	0	1e-05
    10	0.3	0	1e-05
    11	0.3	0	1e-05
    12	0.3	0	1e-05
    13	0.3	0	1e-05
    14	0.3	0	1e-05
    15	0.3	0	1e-05
    16	0.3	0	1e-05
    17	0.3	0	1e-05
    18	0.3	0	1e-05
    19	0.5	0	1e-05
    20	0.5	0	1e-05
    21	0.5	0	1e-05
    22	0.5	0	1e-05
    23	0.5	0	1e-05
    24	0.5	0	1e-05
    25	0.5	0	1e-05
    26	0.5	0	1e-05
    27	0.5	0	1e-05

Measurement: icharge
  step	AVG(i(vsense))	FROM	TO
     1	0.15	0.001	0.004
     2	0.2	0.001	0.004
     3	0.25	0.001	0.004
     4	0.25	0.001	0.004
     5	0.25	0.001	0.004
     6	0.25	0.001	0.004
     7	0.25	0.001	0.004
     8	0.25	0.001	0.004
     9	0.25	0.001	0.004
    10	0.15	0.001	0.004
    11	0.2	0.001	0.004
    12	0.25	0.001	0.004
    13	0.3	0.001	0.004
    14	0.3	0.001	0.004
    15	0.3	0.001	0.004
    16	0.3	0.001	0.004
    17	0.3	0.001	0.004
    18	0.3	0.001	0.004
    19	0.15	0.001	0.004
    20	0.2	0.001	0.004
    21	0.25	0.001	0.004
    22	0.3	0.001	0.004
    23	0.351	0.001	0.004
    24	0.4	0.001	0.004
    25	0.449	0.001	0.004
    26	0.5	0.001	0.004
    27	0.5	0.001	0.004

Measurement: vjst_min
  step	MIN(v(jst))	FROM	TO
     1	4.92495	1e-05	0.15
     2	4.88535	1e-05	0.15
     3	0.134194	1e-05	0.15
     4	0.13378	1e-05	0.15
     5	0.13378	1e-05	0.15
     6	0.13378	1e-05	0.15
     7	0.13378	1e-05	0.15
     8	0.13378	1e-05	0.15
     9	0.13378	1e-05	0.15
    10	4.925	1e-05	0.15
    11	4.89995	1e-05	0.15
    12	4.86278	1e-05	0.15
    13	0.15658	1e-05	0.15
    14	0.156234	1e-05	0.15
    15	0.156233	1e-05	0.15
    16	0.156233	1e-05	0.15
    17	0.156233	1e-05	0.15
    18	0.156233	1e-05	0.15
    19	4.925	1e-05	0.15
    20	4.9	1e-05	0.15
    21	4.875	1e-05	0.15
    22	4.85	1e-05	0.15
    23	4.8245	1e-05	0.15
    24	4.79996	1e-05	0.15
    25	4.77542	1e-05	0.15
    26	0.246246	1e-05	0.15
    27	0.246038	1e-05	0.15

Measurement: trise
  step	v(v5)=4.5
     1	0.0167603
     2	0.012135
     3	0.00952699
     4	0.00952699
     5	0.00952699
     6	0.00952699
     7	0.00952699
     8	0.00952699
     9	0.00952699
    10	0.0167603
    11	0.012135
    12	0.00952507
    13	0.00784487
    14	0.00784487
    15	0.00784487
    16	0.00784487
    17	0.00784487
    18	0.00784487
    19	0.0167603
    20	0.012135
    21	0.00952507
    22	0.00784329
    23	0.00664782
    24	0.00579921
    25	0.00514294
    26	0.00460202
    27	0.00460202

Measurement: qin
  step	INTEG(i(vsense))	FROM	TO
     1	0.00682158	0	0.15
     2	0.0068758	0	0.15
     3	0.00690993	0	0.15
     4	0.00690993	0	0.15
     5	0.00690993	0	0.15
     6	0.00690993	0	0.15
     7	0.00690993	0	0.15
     8	0.00690993	0	0.15
     9	0.00690993	0	0.15
    10	0.00682158	0	0.15
    11	0.00687579	0	0.15
    12	0.00690997	0	0.15
    13	0.00693331	0	0.15
    14	0.00693331	0	0.15
    15	0.00693331	0	0.15
    16	0.00693331	0	0.15
    17	0.00693331	0	0.15
    18	0.00693331	0	0.15
    19	0.00682158	0	0.15
    20	0.00687579	0	0.15
    21	0.00690997	0	0.15
    22	0.00693333	0	0.15
    23	0.00695058	0	0.15
    24	0.00696315	0	0.15
    25	0.00697305	0	0.15
    26	0.00698134	0	0.15
    27	0.00698134	0	0.15

Measurement: margin
  step	vjst_min- 4
     1	0.924947
     2	0.88535
     3	-3.86581
     4	-3.86622
     5	-3.86622
     6	-3.86622
     7	-3.86622
     8	-3.86622
     9	-3.86622
    10	0.924999
    11	0.899949
    12	0.862778
    13	-3.84342
    14	-3.84377
    15	-3.84377
    16	-3.84377
    17	-3.84377
    18	-3.84377
    19	0.925
    20	0.9
    21	0.875
    22	0.849999
    23	0.824499
    24	0.799958
    25	0.77542
    26	-3.75375
    27	-3.75396


Date: Mon Sep 28 22:21:01 2026
Total elapsed time: 2.675 seconds.

tnom = 27
temp = 27
method = Gear
totiter = 30281
traniter = 30278
tranpoints = 15134
accept = 15113
rejected = 21
matrix size = 16
fillins = 1
solver = Normal
Matrix Compiler1:      38 opcodes  0.3/0.1/[0.1]
Matrix Compiler2: off
