Circuit: * SerialTap - rail-sag

Direct Newton iteration failed to find .op point.  (Use ".option noopiter" to skip.)
Starting Gmin stepping
Gmin = 10
Gmin = 1.07374
Gmin = 0.115292
Gmin = 0.0123794
Gmin = 0.00132923
vernier = 0.5
vernier = 0.666667
Gmin = 0.000497691
vernier = 0.888888
vernier = 1
Gmin = 7.02013e-05
Gmin = 7.53781e-06
Gmin = 8.09366e-07
Gmin = 8.6905e-08
Gmin = 9.33136e-09
Gmin = 1.00195e-09
Gmin = 1.07583e-10
Gmin = 1.15517e-11
Gmin = 1.24035e-12
Gmin = 1.33182e-13
Gmin = 0
Gmin stepping succeeded in finding the operating point.

.step iapp=0.05 tper=0.01
.step iapp=0.075 tper=0.01
.step iapp=0.1 tper=0.01
.step iapp=0.11 tper=0.01
.step iapp=0.12 tper=0.01
.step iapp=0.13 tper=0.01
.step iapp=0.15 tper=0.01
.step iapp=0.175 tper=0.01
.step iapp=0.2 tper=0.01
.step iapp=0.225 tper=0.01
.step iapp=0.25 tper=0.01
.step iapp=0.275 tper=0.01
.step iapp=0.3 tper=0.01
.step iapp=0.05 tper=0.004
.step iapp=0.075 tper=0.004
.step iapp=0.1 tper=0.004
.step iapp=0.11 tper=0.004
.step iapp=0.12 tper=0.004
.step iapp=0.13 tper=0.004
.step iapp=0.15 tper=0.004
.step iapp=0.175 tper=0.004
.step iapp=0.2 tper=0.004
.step iapp=0.225 tper=0.004
.step iapp=0.25 tper=0.004
.step iapp=0.275 tper=0.004
.step iapp=0.3 tper=0.004
.step iapp=0.05 tper=0.0022
.step iapp=0.075 tper=0.0022
.step iapp=0.1 tper=0.0022
.step iapp=0.11 tper=0.0022
.step iapp=0.12 tper=0.0022
.step iapp=0.13 tper=0.0022
.step iapp=0.15 tper=0.0022
.step iapp=0.175 tper=0.0022
.step iapp=0.2 tper=0.0022
.step iapp=0.225 tper=0.0022
.step iapp=0.25 tper=0.0022
.step iapp=0.275 tper=0.0022
.step iapp=0.3 tper=0.0022


Measurement: v5min
  step	MIN(v(v5))	FROM	TO
     1	2.95038	0.2	0.6
     2	2.96239	0.2	0.6
     3	2.97156	0.2	0.6
     4	4.25367	0.2	0.6
     5	4.31625	0.2	0.6
     6	4.35792	0.2	0.6
     7	4.43791	0.2	0.6
     8	4.5313	0.2	0.6
     9	4.61563	0.2	0.6
    10	4.68748	0.2	0.6
    11	4.73734	0.2	0.6
    12	4.74235	0.2	0.6
    13	4.74236	0.2	0.6
    14	2.95038	0.2	0.6
    15	2.96239	0.2	0.6
    16	2.97156	0.2	0.6
    17	2.97478	0.2	0.6
    18	2.97781	0.2	0.6
    19	2.9807	0.2	0.6
    20	2.98615	0.2	0.6
    21	4.51433	0.2	0.6
    22	4.61276	0.2	0.6
    23	4.6867	0.2	0.6
    24	4.73719	0.2	0.6
    25	4.74231	0.2	0.6
    26	4.74231	0.2	0.6
    27	2.95036	0.2	0.6
    28	2.96238	0.2	0.6
    29	2.97156	0.2	0.6
    30	2.97478	0.2	0.6
    31	2.97781	0.2	0.6
    32	2.9807	0.2	0.6
    33	2.98615	0.2	0.6
    34	2.99254	0.2	0.6
    35	2.9987	0.2	0.6
    36	3.00491	0.2	0.6
    37	4.7236	0.2	0.6
    38	4.74042	0.2	0.6
    39	4.74043	0.2	0.6

Measurement: v5avg
  step	AVG(v(v5))	FROM	TO
     1	2.98654	0.2	0.6
     2	3.00913	0.2	0.6
     3	3.04956	0.2	0.6
     4	4.5733	0.2	0.6
     5	4.6788	0.2	0.6
     6	4.73334	0.2	0.6
     7	4.79829	0.2	0.6
     8	4.84117	0.2	0.6
     9	4.86452	0.2	0.6
    10	4.87741	0.2	0.6
    11	4.88317	0.2	0.6
    12	4.88353	0.2	0.6
    13	4.88353	0.2	0.6
    14	2.9701	0.2	0.6
    15	2.9873	0.2	0.6
    16	3.00507	0.2	0.6
    17	3.01357	0.2	0.6
    18	3.02342	0.2	0.6
    19	3.03484	0.2	0.6
    20	3.06275	0.2	0.6
    21	4.71113	0.2	0.6
    22	4.78073	0.2	0.6
    23	4.81418	0.2	0.6
    24	4.82884	0.2	0.6
    25	4.82975	0.2	0.6
    26	4.82975	0.2	0.6
    27	2.95247	0.2	0.6
    28	2.96481	0.2	0.6
    29	2.97434	0.2	0.6
    30	2.97771	0.2	0.6
    31	2.98092	0.2	0.6
    32	2.98399	0.2	0.6
    33	2.98986	0.2	0.6
    34	2.99691	0.2	0.6
    35	3.00392	0.2	0.6
    36	3.01124	0.2	0.6
    37	4.74794	0.2	0.6
    38	4.75548	0.2	0.6
    39	4.75548	0.2	0.6

Measurement: iapp_avg
  step	AVG(i(vsense))	FROM	TO
     1	0.05	0.2	0.6
     2	0.075	0.2	0.6
     3	0.1	0.2	0.6
     4	0.109418	0.2	0.6
     5	0.107574	0.2	0.6
     6	0.106635	0.2	0.6
     7	0.105416	0.2	0.6
     8	0.104489	0.2	0.6
     9	0.103901	0.2	0.6
    10	0.10353	0.2	0.6
    11	0.103352	0.2	0.6
    12	0.103342	0.2	0.6
    13	0.103342	0.2	0.6
    14	0.05	0.2	0.6
    15	0.075	0.2	0.6
    16	0.1	0.2	0.6
    17	0.11	0.2	0.6
    18	0.12	0.2	0.6
    19	0.13	0.2	0.6
    20	0.15	0.2	0.6
    21	0.165235	0.2	0.6
    22	0.163329	0.2	0.6
    23	0.162345	0.2	0.6
    24	0.161884	0.2	0.6
    25	0.161858	0.2	0.6
    26	0.161858	0.2	0.6
    27	0.05	0.2	0.6
    28	0.075	0.2	0.6
    29	0.1	0.2	0.6
    30	0.11	0.2	0.6
    31	0.12	0.2	0.6
    32	0.13	0.2	0.6
    33	0.15	0.2	0.6
    34	0.175	0.2	0.6
    35	0.2	0.2	0.6
    36	0.225	0.2	0.6
    37	0.24304	0.2	0.6
    38	0.242669	0.2	0.6
    39	0.242669	0.2	0.6

Measurement: iapp_pk
  step	MAX(i(vsense))	FROM	TO
     1	0.05	0.2	0.6
     2	0.075	0.2	0.6
     3	0.1	0.2	0.6
     4	0.11	0.2	0.6
     5	0.12	0.2	0.6
     6	0.13	0.2	0.6
     7	0.15	0.2	0.6
     8	0.175	0.2	0.6
     9	0.199999	0.2	0.6
    10	0.224999	0.2	0.6
    11	0.249989	0.2	0.6
    12	0.256953	0.2	0.6
    13	0.256954	0.2	0.6
    14	0.05	0.2	0.6
    15	0.075	0.2	0.6
    16	0.1	0.2	0.6
    17	0.11	0.2	0.6
    18	0.12	0.2	0.6
    19	0.13	0.2	0.6
    20	0.15	0.2	0.6
    21	0.175	0.2	0.6
    22	0.199999	0.2	0.6
    23	0.224999	0.2	0.6
    24	0.249989	0.2	0.6
    25	0.256998	0.2	0.6
    26	0.256999	0.2	0.6
    27	0.05	0.2	0.6
    28	0.075	0.2	0.6
    29	0.1	0.2	0.6
    30	0.11	0.2	0.6
    31	0.12	0.2	0.6
    32	0.13	0.2	0.6
    33	0.15	0.2	0.6
    34	0.175	0.2	0.6
    35	0.2	0.2	0.6
    36	0.225	0.2	0.6
    37	0.249995	0.2	0.6
    38	0.259053	0.2	0.6
    39	0.259054	0.2	0.6

Measurement: margin
  step	v5min- 4
     1	-1.04962
     2	-1.03761
     3	-1.02844
     4	0.253667
     5	0.316249
     6	0.357925
     7	0.437913
     8	0.531298
     9	0.615629
    10	0.687479
    11	0.737338
    12	0.742353
    13	0.742356
    14	-1.04962
    15	-1.03761
    16	-1.02844
    17	-1.02522
    18	-1.02219
    19	-1.0193
    20	-1.01385
    21	0.514332
    22	0.612762
    23	0.686697
    24	0.73719
    25	0.742311
    26	0.742315
    27	-1.04964
    28	-1.03762
    29	-1.02844
    30	-1.02522
    31	-1.02219
    32	-1.0193
    33	-1.01385
    34	-1.00746
    35	-1.0013
    36	-0.995089
    37	0.723604
    38	0.740422
    39	0.740426


Date: Mon Sep 28 22:20:58 2026
Total elapsed time: 9.336 seconds.

tnom = 27
temp = 27
method = Gear
totiter = 87415
traniter = 87410
tranpoints = 43706
accept = 40513
rejected = 3193
matrix size = 16
fillins = 1
solver = Normal
Matrix Compiler1: off  0.1/0.2/[0.1]
Matrix Compiler2:      90 opcodes
